// Jest Snapshot v1, https://goo.gl/fbAQLP

exports[`render weekly artists should renders correctly 1`] = `
<article
  className="weekly-artist-wrapper"
>
  <div
    className="weekly-artist-inner"
  >
    <h3
      className="category-title"
    >
      <span
        href="/"
        onClick={[Function]}
        onMouseEnter={[Function]}
      >
        <span>
          weekly artist chart
        </span>
        <span>
          <span
            aria-label="right"
            className="anticon anticon-right"
            role="img"
          >
            <svg
              aria-hidden="true"
              data-icon="right"
              fill="currentColor"
              focusable="false"
              height="1em"
              viewBox="64 64 896 896"
              width="1em"
            >
              <path
                d="M765.7 486.8L314.9 134.7A7.97 7.97 0 00302 141v77.3c0 4.9 2.3 9.6 6.1 12.6l360 281.1-360 281.1c-3.9 3-6.1 7.7-6.1 12.6V883c0 6.7 7.7 10.4 12.9 6.3l450.8-352.1a31.96 31.96 0 000-50.4z"
              />
            </svg>
          </span>
        </span>
      </span>
    </h3>
    <ul
      className="category-list"
    >
      <li
        className="weekly-artist-item"
        title="Top 100 Rap Việt Hay Nhất"
      >
        <div
          className="weekly-artist-thumbnail"
        >
          <span
            href="https://avatar-ex-swe.nixcdn.com/playlist/2021/04/07/2/7/0/9/1617776161396_300.jpg"
            onClick={[Function]}
            onMouseEnter={[Function]}
          >
            <img
              alt="Top 100 Rap Việt Hay Nhất"
              height={152}
              src="https://avatar-ex-swe.nixcdn.com/playlist/2021/04/07/2/7/0/9/1617776161396_300.jpg"
              width={152}
            />
          </span>
          <div
            className="thumbnail-dark-layer"
          />
        </div>
      </li>
      <li
        className="weekly-artist-item"
        title="Top 100 Rap/ Hip Hop Hay Nhất"
      >
        <div
          className="weekly-artist-thumbnail"
        >
          <span
            href="https://avatar-ex-swe.nixcdn.com/playlist/2021/05/26/b/e/2/9/1622014521880_300.jpg"
            onClick={[Function]}
            onMouseEnter={[Function]}
          >
            <img
              alt="Top 100 Rap/ Hip Hop Hay Nhất"
              height={152}
              src="https://avatar-ex-swe.nixcdn.com/playlist/2021/05/26/b/e/2/9/1622014521880_300.jpg"
              width={152}
            />
          </span>
          <div
            className="thumbnail-dark-layer"
          />
        </div>
      </li>
      <li
        className="weekly-artist-item"
        title="Top 100 Nhạc Latin Hay Nhất"
      >
        <div
          className="weekly-artist-thumbnail"
        >
          <span
            href="https://avatar-ex-swe.nixcdn.com/playlist/2021/05/26/b/e/2/9/1622014540231_300.jpg"
            onClick={[Function]}
            onMouseEnter={[Function]}
          >
            <img
              alt="Top 100 Nhạc Latin Hay Nhất"
              height={152}
              src="https://avatar-ex-swe.nixcdn.com/playlist/2021/05/26/b/e/2/9/1622014540231_300.jpg"
              width={152}
            />
          </span>
          <div
            className="thumbnail-dark-layer"
          />
        </div>
      </li>
      <li
        className="weekly-artist-item"
        title="Top 100 Electronica/Dance Hay Nhất"
      >
        <div
          className="weekly-artist-thumbnail"
        >
          <span
            href="https://avatar-ex-swe.nixcdn.com/playlist/2020/09/16/e/1/f/f/1600239245257_300.jpg"
            onClick={[Function]}
            onMouseEnter={[Function]}
          >
            <img
              alt="Top 100 Electronica/Dance Hay Nhất"
              height={152}
              src="https://avatar-ex-swe.nixcdn.com/playlist/2020/09/16/e/1/f/f/1600239245257_300.jpg"
              width={152}
            />
          </span>
          <div
            className="thumbnail-dark-layer"
          />
        </div>
      </li>
      <li
        className="weekly-artist-item"
        title="Top 100 Blues/Jazz Hay Nhất"
      >
        <div
          className="weekly-artist-thumbnail"
        >
          <span
            href="https://avatar-ex-swe.nixcdn.com/playlist/2020/09/16/e/1/f/f/1600250971140_300.jpg"
            onClick={[Function]}
            onMouseEnter={[Function]}
          >
            <img
              alt="Top 100 Blues/Jazz Hay Nhất"
              height={152}
              src="https://avatar-ex-swe.nixcdn.com/playlist/2020/09/16/e/1/f/f/1600250971140_300.jpg"
              width={152}
            />
          </span>
          <div
            className="thumbnail-dark-layer"
          />
        </div>
      </li>
    </ul>
  </div>
</article>
`;
