// Jest Snapshot v1, https://goo.gl/fbAQLP

exports[`render slider should renders correctly 1`] = `
<div
  className="slider-wrapper"
>
  <div
    className="slider-inner"
  >
    <div
      className="ant-carousel"
    >
      <div
        className="slick-slider slick-initialized"
        dir="ltr"
      >
        <div
          className="slick-list"
          onClick={[Function]}
          onKeyDown={[Function]}
          onMouseDown={[Function]}
          onMouseLeave={null}
          onMouseMove={null}
          onMouseUp={[Function]}
          onTouchCancel={null}
          onTouchEnd={[Function]}
          onTouchMove={null}
          onTouchStart={[Function]}
          style={Object {}}
        >
          <div
            className="slick-track"
            onMouseEnter={[Function]}
            onMouseLeave={[Function]}
            onMouseOver={[Function]}
            style={
              Object {
                "opacity": 1,
              }
            }
          >
            <div
              aria-hidden={false}
              className="slick-slide slick-active slick-current"
              data-index={0}
              onClick={[Function]}
              style={
                Object {
                  "left": -0,
                  "opacity": 1,
                  "outline": "none",
                  "position": "relative",
                  "transition": "opacity 500ms ease, visibility 500ms ease",
                  "width": 0,
                }
              }
              tabIndex="-1"
            >
              <div>
                <div
                  style={
                    Object {
                      "display": "inline-block",
                      "width": "100%",
                    }
                  }
                  tabIndex={-1}
                >
                  <img
                    alt="banner"
                    height={419}
                    src="https://avatar-ex-swe.nixcdn.com/slideshow/2022/04/21/7/c/3/5/1650513030786_org.jpg"
                    width={1200}
                  />
                </div>
              </div>
            </div>
            <div
              aria-hidden={true}
              className="slick-slide"
              data-index={1}
              onClick={[Function]}
              style={
                Object {
                  "left": -0,
                  "opacity": 0,
                  "outline": "none",
                  "position": "relative",
                  "transition": "opacity 500ms ease, visibility 500ms ease",
                  "width": 0,
                }
              }
              tabIndex="-1"
            >
              <div>
                <div
                  style={
                    Object {
                      "display": "inline-block",
                      "width": "100%",
                    }
                  }
                  tabIndex={-1}
                >
                  <img
                    alt="banner"
                    height={419}
                    src="https://avatar-ex-swe.nixcdn.com/slideshow/2022/04/20/3/8/3/7/1650452201449_org.jpg"
                    width={1200}
                  />
                </div>
              </div>
            </div>
            <div
              aria-hidden={true}
              className="slick-slide"
              data-index={2}
              onClick={[Function]}
              style={
                Object {
                  "left": -0,
                  "opacity": 0,
                  "outline": "none",
                  "position": "relative",
                  "transition": "opacity 500ms ease, visibility 500ms ease",
                  "width": 0,
                }
              }
              tabIndex="-1"
            >
              <div>
                <div
                  style={
                    Object {
                      "display": "inline-block",
                      "width": "100%",
                    }
                  }
                  tabIndex={-1}
                >
                  <img
                    alt="banner"
                    height={419}
                    src="https://avatar-ex-swe.nixcdn.com/slideshow/2022/04/22/9/e/e/a/1650627480025_org.jpg"
                    width={1200}
                  />
                </div>
              </div>
            </div>
            <div
              aria-hidden={true}
              className="slick-slide"
              data-index={3}
              onClick={[Function]}
              style={
                Object {
                  "left": -0,
                  "opacity": 0,
                  "outline": "none",
                  "position": "relative",
                  "transition": "opacity 500ms ease, visibility 500ms ease",
                  "width": 0,
                }
              }
              tabIndex="-1"
            >
              <div>
                <div
                  style={
                    Object {
                      "display": "inline-block",
                      "width": "100%",
                    }
                  }
                  tabIndex={-1}
                >
                  <img
                    alt="banner"
                    height={419}
                    src="https://avatar-ex-swe.nixcdn.com/slideshow/2022/04/19/0/4/9/c/1650339220758_org.jpg"
                    width={1200}
                  />
                </div>
              </div>
            </div>
            <div
              aria-hidden={true}
              className="slick-slide"
              data-index={4}
              onClick={[Function]}
              style={
                Object {
                  "left": -0,
                  "opacity": 0,
                  "outline": "none",
                  "position": "relative",
                  "transition": "opacity 500ms ease, visibility 500ms ease",
                  "width": 0,
                }
              }
              tabIndex="-1"
            >
              <div>
                <div
                  style={
                    Object {
                      "display": "inline-block",
                      "width": "100%",
                    }
                  }
                  tabIndex={-1}
                >
                  <img
                    alt="banner"
                    height={419}
                    src="https://avatar-ex-swe.nixcdn.com/slideshow/2022/04/19/0/4/9/c/1650365706665_org.jpg"
                    width={1200}
                  />
                </div>
              </div>
            </div>
            <div
              aria-hidden={true}
              className="slick-slide"
              data-index={5}
              onClick={[Function]}
              style={
                Object {
                  "left": -0,
                  "opacity": 0,
                  "outline": "none",
                  "position": "relative",
                  "transition": "opacity 500ms ease, visibility 500ms ease",
                  "width": 0,
                }
              }
              tabIndex="-1"
            >
              <div>
                <div
                  style={
                    Object {
                      "display": "inline-block",
                      "width": "100%",
                    }
                  }
                  tabIndex={-1}
                >
                  <img
                    alt="banner"
                    height={419}
                    src="https://avatar-ex-swe.nixcdn.com/slideshow/2021/09/27/a/4/0/9/1632743135911_org.jpg"
                    width={1200}
                  />
                </div>
              </div>
            </div>
          </div>
        </div>
        <ul
          className="slick-dots slick-dots-bottom"
          onMouseEnter={null}
          onMouseLeave={null}
          onMouseOver={null}
          style={
            Object {
              "display": "block",
            }
          }
        >
          <li
            className="slick-active"
          >
            <button
              onClick={[Function]}
            >
              1
            </button>
          </li>
          <li
            className=""
          >
            <button
              onClick={[Function]}
            >
              2
            </button>
          </li>
          <li
            className=""
          >
            <button
              onClick={[Function]}
            >
              3
            </button>
          </li>
          <li
            className=""
          >
            <button
              onClick={[Function]}
            >
              4
            </button>
          </li>
          <li
            className=""
          >
            <button
              onClick={[Function]}
            >
              5
            </button>
          </li>
          <li
            className=""
          >
            <button
              onClick={[Function]}
            >
              6
            </button>
          </li>
        </ul>
      </div>
    </div>
  </div>
</div>
`;
